> Task :app:preBuild UP-TO-DATE
> Task :app:preDebugBuild UP-TO-DATE
> Task :app:mergeDebugNativeDebugMetadata NO-SOURCE
> Task :app:dataBindingMergeDependencyArtifactsDebug UP-TO-DATE
> Task :app:generateDebugResValues UP-TO-DATE
> Task :app:generateDebugResources UP-TO-DATE
> Task :app:mergeDebugResources UP-TO-DATE
> Task :app:packageDebugResources UP-TO-DATE
> Task :app:processDebugNavigationResources UP-TO-DATE
> Task :app:parseDebugLocalResources UP-TO-DATE
> Task :app:dataBindingGenBaseClassesDebug UP-TO-DATE
> Task :app:checkDebugAarMetadata UP-TO-DATE
> Task :app:compileDebugNavigationResources UP-TO-DATE
> Task :app:mapDebugSourceSetPaths UP-TO-DATE
> Task :app:createDebugCompatibleScreenManifests UP-TO-DATE
> Task :app:extractDeepLinksDebug UP-TO-DATE
> Task :app:processDebugMainManifest
> Task :app:processDebugManifest
> Task :app:javaPreCompileDebug UP-TO-DATE
> Task :app:mergeDebugShaders UP-TO-DATE
> Task :app:compileDebugShaders NO-SOURCE
> Task :app:generateDebugAssets UP-TO-DATE
> Task :app:mergeDebugAssets UP-TO-DATE
> Task :app:compressDebugAssets UP-TO-DATE
> Task :app:desugarDebugFileDependencies UP-TO-DATE
> Task :app:checkDebugDuplicateClasses UP-TO-DATE
> Task :app:mergeExtDexDebug UP-TO-DATE
> Task :app:mergeLibDexDebug UP-TO-DATE
> Task :app:processDebugManifestForPackage
> Task :app:mergeDebugJniLibFolders UP-TO-DATE
> Task :app:mergeDebugNativeLibs NO-SOURCE
> Task :app:stripDebugDebugSymbols NO-SOURCE
> Task :app:validateSigningDebug UP-TO-DATE
> Task :app:writeDebugAppMetadata UP-TO-DATE
> Task :app:writeDebugSigningConfigVersions UP-TO-DATE
> Task :app:processDebugResources

> Task :app:compileDebugKotlin
w: file:///C:/Users/Vabbina%20Chandrika/AndroidStudioProjects/AllIsWell_Temi/app/src/main/java/com/example/alliswelltemi/data/HospitalKnowledgeBase.kt:2310:46 Unnecessary safe call on a non-null receiver of type String
w: file:///C:/Users/Vabbina%20Chandrika/AndroidStudioProjects/AllIsWell_Temi/app/src/main/java/com/example/alliswelltemi/data/HospitalKnowledgeBase.kt:2310:60 Elvis operator (?:) always returns the left operand of non-nullable type String
w: file:///C:/Users/Vabbina%20Chandrika/AndroidStudioProjects/AllIsWell_Temi/app/src/main/java/com/example/alliswelltemi/data/HospitalKnowledgeBase.kt:2336:46 Unnecessary safe call on a non-null receiver of type String
w: file:///C:/Users/Vabbina%20Chandrika/AndroidStudioProjects/AllIsWell_Temi/app/src/main/java/com/example/alliswelltemi/data/HospitalKnowledgeBase.kt:2336:60 Elvis operator (?:) always returns the left operand of non-nullable type String
w: file:///C:/Users/Vabbina%20Chandrika/AndroidStudioProjects/AllIsWell_Temi/app/src/main/java/com/example/alliswelltemi/data/HospitalKnowledgeBase.kt:2363:46 Unnecessary safe call on a non-null receiver of type String
w: file:///C:/Users/Vabbina%20Chandrika/AndroidStudioProjects/AllIsWell_Temi/app/src/main/java/com/example/alliswelltemi/data/HospitalKnowledgeBase.kt:2363:60 Elvis operator (?:) always returns the left operand of non-nullable type String
w: file:///C:/Users/Vabbina%20Chandrika/AndroidStudioProjects/AllIsWell_Temi/app/src/main/java/com/example/alliswelltemi/data/HospitalKnowledgeBase.kt:2387:46 Unnecessary safe call on a non-null receiver of type String
w: file:///C:/Users/Vabbina%20Chandrika/AndroidStudioProjects/AllIsWell_Temi/app/src/main/java/com/example/alliswelltemi/data/HospitalKnowledgeBase.kt:2387:60 Elvis operator (?:) always returns the left operand of non-nullable type String

> Task :app:compileDebugJavaWithJavac UP-TO-DATE
> Task :app:dexBuilderDebug
> Task :app:mergeDebugGlobalSynthetics UP-TO-DATE
> Task :app:processDebugJavaRes UP-TO-DATE
> Task :app:mergeDebugJavaResource UP-TO-DATE
> Task :app:mergeProjectDexDebug
> Task :app:packageDebug
> Task :app:createDebugApkListingFileRedirect
> Task :app:assembleDebug

[Incubating] Problems report is available at: file:///C:/Users/Vabbina%20Chandrika/AndroidStudioProjects/AllIsWell_Temi/build/reports/problems/problems-report.html

Deprecated Gradle features were used in this build, making it incompatible with Gradle 9.0.

You can use '--warning-mode all' to show the individual deprecation warnings and determine if they come from your own scripts or plugins.

For more on this, please refer to https://docs.gradle.org/8.13/userguide/command_line_interface.html#sec:command_line_warnings in the Gradle documentation.

BUILD SUCCESSFUL in 4s
38 actionable tasks: 9 executed, 29 up-to-date
